// Jest Snapshot v1, https://goo.gl/fbAQLP

exports[`Pruebas en <TodoApp /> debe de mostrarse correctamente 1`] = `
<div>
  <h1>
    Hook useReducer
  </h1>
  <h3>
    Todo APP
  </h3>
  <small>
    Total todos: 
    0
  </small>
  <hr />
  <div
    class="row"
  >
    <div
      className="col-7"
    >
      <TodoList
        handleDelete={[Function]}
        handleToggle={[Function]}
        todos={Array []}
      />
    </div>
    <div
      className="col-5"
    >
      <TodoAdd
        handleAddTodo={[Function]}
      />
    </div>
  </div>
</div>
`;
