// Jest Snapshot v1, https://goo.gl/fbAQLP

exports[`Pruebas en <TodoListItem /> debe de mostrarse correctamente 1`] = `
<li
  className="list-group-item"
>
  <h4
    className={false}
    onClick={[Function]}
  >
    1
    . 
    Aprender React
  </h4>
  <button
    className="btn btn-danger"
    onClick={[Function]}
    type="button"
  >
    Borrar
  </button>
</li>
`;
