// Jest Snapshot v1, https://goo.gl/fbAQLP

exports[`Prueba <HooksApp></HooksApp> should mostrarse correctamente 1`] = `
<div>
  <h1>
    Hola Mundo
  </h1>
</div>
`;
