// Jest Snapshot v1, https://goo.gl/fbAQLP

exports[`Pruebas en <HomeScreen /> debe de mostrarse correctamente 1`] = `
<div>
  <h1>
    Home
  </h1>
  <hr />
  <pre
    className="container"
  >
    {
   "name": "Francisco",
   "email": "francisco@gmail.com"
}
  </pre>
</div>
`;
