// Jest Snapshot v1, https://goo.gl/fbAQLP

exports[`Pruebas en <LoginScreen /> debe de mostrarse correctamente 1`] = `
<div>
  <h1>
    Login
  </h1>
  <hr />
  <button
    className="btn btn-primary"
    onClick={[Function]}
    type="button"
  >
    Login
  </button>
  <button
    className="btn btn-danger mx-4"
    onClick={[Function]}
    type="button"
  >
    Logout
  </button>
</div>
`;
